---
http_interactions:
- request:
    method: post
    uri: https://check-financial-eligibility-staging.cloud-platform.service.justice.gov.uk/assessments
    body:
      encoding: UTF-8
      string: '{"submission_date":"2022-09-05"}'
    headers:
      Accept:
      - application/json;version=5
      User-Agent:
      - Faraday v2.5.2
      Content-Type:
      - application/json
  response:
    status:
      code: 200
      message: OK
    headers:
      date:
      - Tue, 04 Oct 2022 08:52:31 GMT
      content-type:
      - application/json; charset=utf-8
      transfer-encoding:
      - chunked
      connection:
      - keep-alive
      x-frame-options:
      - SAMEORIGIN
      x-xss-protection:
      - '0'
      x-content-type-options:
      - nosniff
      x-download-options:
      - noopen
      x-permitted-cross-domain-policies:
      - none
      referrer-policy:
      - strict-origin-when-cross-origin
      vary:
      - Accept
      etag:
      - W/"782aef67fb9b7d6167b3937ef8645e3e"
      cache-control:
      - max-age=0, private, must-revalidate
      x-request-id:
      - 174f42b81057856e86e3b204fc36aed5
      x-runtime:
      - '0.090394'
      strict-transport-security:
      - max-age=15724800; includeSubDomains
    body:
      encoding: UTF-8
      string: '{"success":true,"assessment_id":"04a73fca-e752-4b4b-9198-4e9152741786","errors":[]}'
  recorded_at: Mon, 05 Sep 2022 09:00:00 GMT
- request:
    method: post
    uri: https://check-financial-eligibility-staging.cloud-platform.service.justice.gov.uk/assessments/04a73fca-e752-4b4b-9198-4e9152741786/proceeding_types
    body:
      encoding: UTF-8
      string: '{"proceeding_types":[{"ccms_code":"DA001","client_involvement_type":"A"},{"ccms_code":"SE013","client_involvement_type":"I"}]}'
    headers:
      Accept:
      - application/json;version=5
      User-Agent:
      - Faraday v2.5.2
      Content-Type:
      - application/json
  response:
    status:
      code: 200
      message: OK
    headers:
      date:
      - Tue, 04 Oct 2022 08:52:31 GMT
      content-type:
      - application/json; charset=utf-8
      transfer-encoding:
      - chunked
      connection:
      - keep-alive
      x-frame-options:
      - SAMEORIGIN
      x-xss-protection:
      - '0'
      x-content-type-options:
      - nosniff
      x-download-options:
      - noopen
      x-permitted-cross-domain-policies:
      - none
      referrer-policy:
      - strict-origin-when-cross-origin
      vary:
      - Accept
      etag:
      - W/"e156c1de751f0fc41f3ce5edefd256d2"
      cache-control:
      - max-age=0, private, must-revalidate
      x-request-id:
      - 45492d52eafef9b8c67746484896f53e
      x-runtime:
      - '0.046659'
      strict-transport-security:
      - max-age=15724800; includeSubDomains
    body:
      encoding: UTF-8
      string: '{"success":true,"errors":[]}'
  recorded_at: Mon, 05 Sep 2022 09:00:00 GMT
- request:
    method: post
    uri: https://check-financial-eligibility-staging.cloud-platform.service.justice.gov.uk/assessments/04a73fca-e752-4b4b-9198-4e9152741786/regular_transactions
    body:
      encoding: UTF-8
      string: '{"regular_transactions":[{"operation":"credit","category":"maintenance_in","frequency":"monthly","amount":"300.0"}]}'
    headers:
      Accept:
      - application/json;version=5
      User-Agent:
      - Faraday v2.5.2
      Content-Type:
      - application/json
  response:
    status:
      code: 200
      message: OK
    headers:
      date:
      - Tue, 04 Oct 2022 08:52:31 GMT
      content-type:
      - application/json; charset=utf-8
      transfer-encoding:
      - chunked
      connection:
      - keep-alive
      x-frame-options:
      - SAMEORIGIN
      x-xss-protection:
      - '0'
      x-content-type-options:
      - nosniff
      x-download-options:
      - noopen
      x-permitted-cross-domain-policies:
      - none
      referrer-policy:
      - strict-origin-when-cross-origin
      vary:
      - Accept
      etag:
      - W/"e156c1de751f0fc41f3ce5edefd256d2"
      cache-control:
      - max-age=0, private, must-revalidate
      x-request-id:
      - dccc5e9b491f7af76c16ccd7ae3f9d66
      x-runtime:
      - '0.074861'
      strict-transport-security:
      - max-age=15724800; includeSubDomains
    body:
      encoding: UTF-8
      string: '{"success":true,"errors":[]}'
  recorded_at: Mon, 05 Sep 2022 09:00:00 GMT
recorded_with: VCR 6.1.0
