---
http_interactions:
- request:
    method: post
    uri: https://check-financial-eligibility-staging.cloud-platform.service.justice.gov.uk/assessments
    body:
      encoding: UTF-8
      string: '{"submission_date":"2022-10-17"}'
    headers:
      Accept:
      - application/json;version=5
      User-Agent:
      - Faraday v2.6.0
      Content-Type:
      - application/json
  response:
    status:
      code: 200
      message: OK
    headers:
      date:
      - Tue, 25 Oct 2022 14:43:31 GMT
      content-type:
      - application/json; charset=utf-8
      transfer-encoding:
      - chunked
      connection:
      - keep-alive
      x-frame-options:
      - SAMEORIGIN
      x-xss-protection:
      - '0'
      x-content-type-options:
      - nosniff
      x-download-options:
      - noopen
      x-permitted-cross-domain-policies:
      - none
      referrer-policy:
      - strict-origin-when-cross-origin
      vary:
      - Accept
      etag:
      - W/"d00a62329814f47eaa605794752cc9bf"
      cache-control:
      - max-age=0, private, must-revalidate
      x-request-id:
      - 7c9ac3414a0371417e561afc6029491e
      x-runtime:
      - '0.229441'
      strict-transport-security:
      - max-age=15724800; includeSubDomains
    body:
      encoding: UTF-8
      string: '{"success":true,"assessment_id":"c396d531-abd5-49ab-a2c4-1cf06a760b00","errors":[]}'
  recorded_at: Mon, 17 Oct 2022 09:00:00 GMT
- request:
    method: post
    uri: https://check-financial-eligibility-staging.cloud-platform.service.justice.gov.uk/assessments/c396d531-abd5-49ab-a2c4-1cf06a760b00/dependants
    body:
      encoding: UTF-8
      string: '{"dependants":[{"date_of_birth":"2011-10-17","in_full_time_education":true,"relationship":"child_relative","monthly_income":0,"assets_value":0}]}'
    headers:
      Accept:
      - application/json;version=5
      User-Agent:
      - Faraday v2.6.0
      Content-Type:
      - application/json
  response:
    status:
      code: 200
      message: OK
    headers:
      date:
      - Tue, 25 Oct 2022 14:43:32 GMT
      content-type:
      - application/json; charset=utf-8
      transfer-encoding:
      - chunked
      connection:
      - keep-alive
      x-frame-options:
      - SAMEORIGIN
      x-xss-protection:
      - '0'
      x-content-type-options:
      - nosniff
      x-download-options:
      - noopen
      x-permitted-cross-domain-policies:
      - none
      referrer-policy:
      - strict-origin-when-cross-origin
      vary:
      - Accept
      etag:
      - W/"e156c1de751f0fc41f3ce5edefd256d2"
      cache-control:
      - max-age=0, private, must-revalidate
      x-request-id:
      - fb9195363de066760e6fecc0f591c75b
      x-runtime:
      - '0.026783'
      strict-transport-security:
      - max-age=15724800; includeSubDomains
    body:
      encoding: UTF-8
      string: '{"success":true,"errors":[]}'
  recorded_at: Mon, 17 Oct 2022 09:00:00 GMT
- request:
    method: post
    uri: https://check-financial-eligibility-staging.cloud-platform.service.justice.gov.uk/assessments/c396d531-abd5-49ab-a2c4-1cf06a760b00/proceeding_types
    body:
      encoding: UTF-8
      string: '{"proceeding_types":[{"ccms_code":"SE003","client_involvement_type":"A"}]}'
    headers:
      Accept:
      - application/json;version=5
      User-Agent:
      - Faraday v2.6.0
      Content-Type:
      - application/json
  response:
    status:
      code: 200
      message: OK
    headers:
      date:
      - Tue, 25 Oct 2022 14:43:33 GMT
      content-type:
      - application/json; charset=utf-8
      transfer-encoding:
      - chunked
      connection:
      - keep-alive
      x-frame-options:
      - SAMEORIGIN
      x-xss-protection:
      - '0'
      x-content-type-options:
      - nosniff
      x-download-options:
      - noopen
      x-permitted-cross-domain-policies:
      - none
      referrer-policy:
      - strict-origin-when-cross-origin
      vary:
      - Accept
      etag:
      - W/"e156c1de751f0fc41f3ce5edefd256d2"
      cache-control:
      - max-age=0, private, must-revalidate
      x-request-id:
      - ac5d66cf73ac659a69c386f0fcec9222
      x-runtime:
      - '0.022682'
      strict-transport-security:
      - max-age=15724800; includeSubDomains
    body:
      encoding: UTF-8
      string: '{"success":true,"errors":[]}'
  recorded_at: Mon, 17 Oct 2022 09:00:00 GMT
- request:
    method: post
    uri: https://check-financial-eligibility-staging.cloud-platform.service.justice.gov.uk/assessments/c396d531-abd5-49ab-a2c4-1cf06a760b00/employments
    body:
      encoding: UTF-8
      string: '{"employment_income":[{"name":"Job","client_id":"ID","payments":[{"gross":"1000.0","tax":"-400.0","national_insurance":"-50.0","client_id":"id-0","date":"2022-10-17","benefits_in_kind":0,"net_employment_income":"550.0"},{"gross":"1000.0","tax":"-400.0","national_insurance":"-50.0","client_id":"id-1","date":"2022-09-17","benefits_in_kind":0,"net_employment_income":"550.0"},{"gross":"1000.0","tax":"-400.0","national_insurance":"-50.0","client_id":"id-2","date":"2022-08-17","benefits_in_kind":0,"net_employment_income":"550.0"}]}]}'
    headers:
      Accept:
      - application/json;version=5
      User-Agent:
      - Faraday v2.6.0
      Content-Type:
      - application/json
  response:
    status:
      code: 200
      message: OK
    headers:
      date:
      - Tue, 25 Oct 2022 14:43:33 GMT
      content-type:
      - application/json; charset=utf-8
      transfer-encoding:
      - chunked
      connection:
      - keep-alive
      x-frame-options:
      - SAMEORIGIN
      x-xss-protection:
      - '0'
      x-content-type-options:
      - nosniff
      x-download-options:
      - noopen
      x-permitted-cross-domain-policies:
      - none
      referrer-policy:
      - strict-origin-when-cross-origin
      vary:
      - Accept
      etag:
      - W/"e156c1de751f0fc41f3ce5edefd256d2"
      cache-control:
      - max-age=0, private, must-revalidate
      x-request-id:
      - aaa847ecf2fda50a16785f0bedbadf5a
      x-runtime:
      - '0.060288'
      strict-transport-security:
      - max-age=15724800; includeSubDomains
    body:
      encoding: UTF-8
      string: '{"success":true,"errors":[]}'
  recorded_at: Mon, 17 Oct 2022 09:00:00 GMT
- request:
    method: post
    uri: https://check-financial-eligibility-staging.cloud-platform.service.justice.gov.uk/assessments/c396d531-abd5-49ab-a2c4-1cf06a760b00/irregular_incomes
    body:
      encoding: UTF-8
      string: '{"payments":[{"income_type":"student_loan","frequency":"annual","amount":"600.0"}]}'
    headers:
      Accept:
      - application/json;version=5
      User-Agent:
      - Faraday v2.6.0
      Content-Type:
      - application/json
  response:
    status:
      code: 200
      message: OK
    headers:
      date:
      - Tue, 25 Oct 2022 14:43:34 GMT
      content-type:
      - application/json; charset=utf-8
      transfer-encoding:
      - chunked
      connection:
      - keep-alive
      x-frame-options:
      - SAMEORIGIN
      x-xss-protection:
      - '0'
      x-content-type-options:
      - nosniff
      x-download-options:
      - noopen
      x-permitted-cross-domain-policies:
      - none
      referrer-policy:
      - strict-origin-when-cross-origin
      vary:
      - Accept
      etag:
      - W/"e156c1de751f0fc41f3ce5edefd256d2"
      cache-control:
      - max-age=0, private, must-revalidate
      x-request-id:
      - 0d4d428823fef22a86e9432594694c16
      x-runtime:
      - '0.030012'
      strict-transport-security:
      - max-age=15724800; includeSubDomains
    body:
      encoding: UTF-8
      string: '{"success":true,"errors":[]}'
  recorded_at: Mon, 17 Oct 2022 09:00:00 GMT
- request:
    method: post
    uri: https://check-financial-eligibility-staging.cloud-platform.service.justice.gov.uk/assessments/c396d531-abd5-49ab-a2c4-1cf06a760b00/vehicles
    body:
      encoding: UTF-8
      string: '{"vehicles":[{"value":"18000.0","loan_amount_outstanding":"500.0","date_of_purchase":"2020-10-17","in_regular_use":true}]}'
    headers:
      Accept:
      - application/json;version=5
      User-Agent:
      - Faraday v2.6.0
      Content-Type:
      - application/json
  response:
    status:
      code: 200
      message: OK
    headers:
      date:
      - Tue, 25 Oct 2022 14:43:34 GMT
      content-type:
      - application/json; charset=utf-8
      transfer-encoding:
      - chunked
      connection:
      - keep-alive
      x-frame-options:
      - SAMEORIGIN
      x-xss-protection:
      - '0'
      x-content-type-options:
      - nosniff
      x-download-options:
      - noopen
      x-permitted-cross-domain-policies:
      - none
      referrer-policy:
      - strict-origin-when-cross-origin
      vary:
      - Accept
      etag:
      - W/"e156c1de751f0fc41f3ce5edefd256d2"
      cache-control:
      - max-age=0, private, must-revalidate
      x-request-id:
      - 74c9c633d5ddac87c8c85ffe9299ab61
      x-runtime:
      - '0.027887'
      strict-transport-security:
      - max-age=15724800; includeSubDomains
    body:
      encoding: UTF-8
      string: '{"success":true,"errors":[]}'
  recorded_at: Mon, 17 Oct 2022 09:00:00 GMT
- request:
    method: post
    uri: https://check-financial-eligibility-staging.cloud-platform.service.justice.gov.uk/assessments/c396d531-abd5-49ab-a2c4-1cf06a760b00/capitals
    body:
      encoding: UTF-8
      string: '{"bank_accounts":[{"value":"200.0","description":"Liquid Asset"}],"non_liquid_capital":[{"value":"400.0","description":"Non
        Liquid Asset"},{"value":"600.0","description":"Non Liquid Asset"}]}'
    headers:
      Accept:
      - application/json;version=5
      User-Agent:
      - Faraday v2.6.0
      Content-Type:
      - application/json
  response:
    status:
      code: 200
      message: OK
    headers:
      date:
      - Tue, 25 Oct 2022 14:43:34 GMT
      content-type:
      - application/json; charset=utf-8
      transfer-encoding:
      - chunked
      connection:
      - keep-alive
      x-frame-options:
      - SAMEORIGIN
      x-xss-protection:
      - '0'
      x-content-type-options:
      - nosniff
      x-download-options:
      - noopen
      x-permitted-cross-domain-policies:
      - none
      referrer-policy:
      - strict-origin-when-cross-origin
      vary:
      - Accept
      etag:
      - W/"e156c1de751f0fc41f3ce5edefd256d2"
      cache-control:
      - max-age=0, private, must-revalidate
      x-request-id:
      - de85c14f3669579ef469bf4e4151d749
      x-runtime:
      - '0.039345'
      strict-transport-security:
      - max-age=15724800; includeSubDomains
    body:
      encoding: UTF-8
      string: '{"success":true,"errors":[]}'
  recorded_at: Mon, 17 Oct 2022 09:00:00 GMT
- request:
    method: post
    uri: https://check-financial-eligibility-staging.cloud-platform.service.justice.gov.uk/assessments/c396d531-abd5-49ab-a2c4-1cf06a760b00/properties
    body:
      encoding: UTF-8
      string: '{"properties":{"main_home":{"value":"100000.0","outstanding_mortgage":"80000.0","percentage_owned":20,"shared_with_housing_assoc":false},"additional_properties":[{"value":"80000.0","outstanding_mortgage":"70000.0","percentage_owned":50,"shared_with_housing_assoc":false}]}}'
    headers:
      Accept:
      - application/json;version=5
      User-Agent:
      - Faraday v2.6.0
      Content-Type:
      - application/json
  response:
    status:
      code: 200
      message: OK
    headers:
      date:
      - Tue, 25 Oct 2022 14:43:35 GMT
      content-type:
      - application/json; charset=utf-8
      transfer-encoding:
      - chunked
      connection:
      - keep-alive
      x-frame-options:
      - SAMEORIGIN
      x-xss-protection:
      - '0'
      x-content-type-options:
      - nosniff
      x-download-options:
      - noopen
      x-permitted-cross-domain-policies:
      - none
      referrer-policy:
      - strict-origin-when-cross-origin
      vary:
      - Accept
      etag:
      - W/"e156c1de751f0fc41f3ce5edefd256d2"
      cache-control:
      - max-age=0, private, must-revalidate
      x-request-id:
      - 26ae1398f0c766d9a45de59defb2c5fa
      x-runtime:
      - '0.037581'
      strict-transport-security:
      - max-age=15724800; includeSubDomains
    body:
      encoding: UTF-8
      string: '{"success":true,"errors":[]}'
  recorded_at: Mon, 17 Oct 2022 09:00:00 GMT
- request:
    method: post
    uri: https://check-financial-eligibility-staging.cloud-platform.service.justice.gov.uk/assessments/c396d531-abd5-49ab-a2c4-1cf06a760b00/regular_transactions
    body:
      encoding: UTF-8
      string: '{"regular_transactions":[{"operation":"credit","category":"friends_or_family","frequency":"monthly","amount":"100.0"},{"operation":"credit","category":"maintenance_in","frequency":"monthly","amount":"200.0"},{"operation":"credit","category":"property_or_lodger","frequency":"monthly","amount":"300.0"},{"operation":"credit","category":"pension","frequency":"monthly","amount":"40.0"},{"operation":"debit","category":"rent_or_mortgage","frequency":"monthly","amount":"300.0"}]}'
    headers:
      Accept:
      - application/json;version=5
      User-Agent:
      - Faraday v2.6.0
      Content-Type:
      - application/json
  response:
    status:
      code: 200
      message: OK
    headers:
      date:
      - Tue, 25 Oct 2022 14:43:35 GMT
      content-type:
      - application/json; charset=utf-8
      transfer-encoding:
      - chunked
      connection:
      - keep-alive
      x-frame-options:
      - SAMEORIGIN
      x-xss-protection:
      - '0'
      x-content-type-options:
      - nosniff
      x-download-options:
      - noopen
      x-permitted-cross-domain-policies:
      - none
      referrer-policy:
      - strict-origin-when-cross-origin
      vary:
      - Accept
      etag:
      - W/"e156c1de751f0fc41f3ce5edefd256d2"
      cache-control:
      - max-age=0, private, must-revalidate
      x-request-id:
      - f8d54d77e149bb109814f2cb2aaa1a9f
      x-runtime:
      - '0.041033'
      strict-transport-security:
      - max-age=15724800; includeSubDomains
    body:
      encoding: UTF-8
      string: '{"success":true,"errors":[]}'
  recorded_at: Mon, 17 Oct 2022 09:00:00 GMT
- request:
    method: post
    uri: https://check-financial-eligibility-staging.cloud-platform.service.justice.gov.uk/assessments/c396d531-abd5-49ab-a2c4-1cf06a760b00/applicant
    body:
      encoding: UTF-8
      string: '{"applicant":{"date_of_birth":"1972-10-17","has_partner_opponent":false,"receives_qualifying_benefit":false}}'
    headers:
      Accept:
      - application/json;version=5
      User-Agent:
      - Faraday v2.6.0
      Content-Type:
      - application/json
  response:
    status:
      code: 200
      message: OK
    headers:
      date:
      - Tue, 25 Oct 2022 14:43:36 GMT
      content-type:
      - application/json; charset=utf-8
      transfer-encoding:
      - chunked
      connection:
      - keep-alive
      x-frame-options:
      - SAMEORIGIN
      x-xss-protection:
      - '0'
      x-content-type-options:
      - nosniff
      x-download-options:
      - noopen
      x-permitted-cross-domain-policies:
      - none
      referrer-policy:
      - strict-origin-when-cross-origin
      vary:
      - Accept
      etag:
      - W/"e156c1de751f0fc41f3ce5edefd256d2"
      cache-control:
      - max-age=0, private, must-revalidate
      x-request-id:
      - d9e7aecf34c8b02dca4fd9fd673a0658
      x-runtime:
      - '0.029514'
      strict-transport-security:
      - max-age=15724800; includeSubDomains
    body:
      encoding: UTF-8
      string: '{"success":true,"errors":[]}'
  recorded_at: Mon, 17 Oct 2022 09:00:00 GMT
- request:
    method: get
    uri: https://check-financial-eligibility-staging.cloud-platform.service.justice.gov.uk/assessments/c396d531-abd5-49ab-a2c4-1cf06a760b00
    body:
      encoding: US-ASCII
      string: ''
    headers:
      Accept:
      - application/json;version=5
      User-Agent:
      - Faraday v2.6.0
  response:
    status:
      code: 200
      message: OK
    headers:
      date:
      - Tue, 25 Oct 2022 14:43:38 GMT
      content-type:
      - application/json; charset=utf-8
      transfer-encoding:
      - chunked
      connection:
      - keep-alive
      x-frame-options:
      - SAMEORIGIN
      x-xss-protection:
      - '0'
      x-content-type-options:
      - nosniff
      x-download-options:
      - noopen
      x-permitted-cross-domain-policies:
      - none
      referrer-policy:
      - strict-origin-when-cross-origin
      vary:
      - Accept
      etag:
      - W/"8c629a23808fcc10d1e635edaae847c9"
      cache-control:
      - max-age=0, private, must-revalidate
      x-request-id:
      - 0cdcb368a90df3281c04c6795d42ad47
      x-runtime:
      - '0.862617'
      strict-transport-security:
      - max-age=15724800; includeSubDomains
    body:
      encoding: UTF-8
      string: '{"version":"5","timestamp":"2022-10-25T14:43:38.359Z","success":true,"result_summary":{"overall_result":{"result":"contribution_required","capital_contribution":4500.0,"income_contribution":108.96,"proceeding_types":[{"ccms_code":"SE003","client_involvement_type":"A","upper_threshold":0.0,"lower_threshold":0.0,"result":"contribution_required"}]},"gross_income":{"total_gross_income":1690.0,"proceeding_types":[{"ccms_code":"SE003","client_involvement_type":"A","upper_threshold":2657.0,"lower_threshold":0.0,"result":"eligible"}]},"disposable_income":{"dependant_allowance":307.64,"gross_housing_costs":300.0,"housing_benefit":0.0,"net_housing_costs":300.0,"maintenance_allowance":0.0,"total_outgoings_and_allowances":1102.64,"total_disposable_income":587.36,"employment_income":{"gross_income":1000.0,"benefits_in_kind":0.0,"tax":-400.0,"national_insurance":-50.0,"fixed_employment_deduction":-45.0,"net_employment_income":505.0},"income_contribution":108.96,"proceeding_types":[{"ccms_code":"SE003","client_involvement_type":"A","upper_threshold":733.0,"lower_threshold":315.0,"result":"contribution_required"}]},"capital":{"total_liquid":200.0,"total_non_liquid":1000.0,"total_vehicle":2500.0,"total_property":3800.0,"total_mortgage_allowance":999999999999.0,"total_capital":7500.0,"pensioner_capital_disregard":0.0,"capital_contribution":4500.0,"assessed_capital":7500.0,"proceeding_types":[{"ccms_code":"SE003","client_involvement_type":"A","upper_threshold":8000.0,"lower_threshold":3000.0,"result":"contribution_required"}]}},"assessment":{"id":"c396d531-abd5-49ab-a2c4-1cf06a760b00","client_reference_id":null,"submission_date":"2022-10-17","applicant":{"date_of_birth":"1972-10-17","involvement_type":null,"has_partner_opponent":false,"receives_qualifying_benefit":false,"self_employed":false},"gross_income":{"employment_income":[{"name":"Job","payments":[{"date":"2022-10-17","gross":1000.0,"benefits_in_kind":0.0,"tax":-400.0,"national_insurance":-50.0,"net_employment_income":550.0},{"date":"2022-09-17","gross":1000.0,"benefits_in_kind":0.0,"tax":-400.0,"national_insurance":-50.0,"net_employment_income":550.0},{"date":"2022-08-17","gross":1000.0,"benefits_in_kind":0.0,"tax":-400.0,"national_insurance":-50.0,"net_employment_income":550.0}]}],"irregular_income":{"monthly_equivalents":{"student_loan":50.0}},"state_benefits":{"monthly_equivalents":{"all_sources":0.0,"cash_transactions":0.0,"bank_transactions":[]}},"other_income":{"monthly_equivalents":{"all_sources":{"friends_or_family":100.0,"maintenance_in":200.0,"property_or_lodger":300.0,"pension":40.0},"bank_transactions":{"friends_or_family":0.0,"maintenance_in":0.0,"property_or_lodger":0.0,"pension":0.0},"cash_transactions":{"friends_or_family":0.0,"maintenance_in":0.0,"property_or_lodger":0.0,"pension":0.0}}}},"disposable_income":{"monthly_equivalents":{"all_sources":{"child_care":0.0,"rent_or_mortgage":300.0,"maintenance_out":0.0,"legal_aid":0.0},"bank_transactions":{"child_care":0.0,"rent_or_mortgage":0.0,"maintenance_out":0.0,"legal_aid":0.0},"cash_transactions":{"child_care":0.0,"rent_or_mortgage":0.0,"maintenance_out":0.0,"legal_aid":0.0}},"childcare_allowance":0.0,"deductions":{"dependants_allowance":307.64,"disregarded_state_benefits":0.0}},"capital":{"capital_items":{"liquid":[{"description":"Liquid
        Asset","value":"200.0"}],"non_liquid":[{"description":"Non Liquid Asset","value":"600.0"},{"description":"Non
        Liquid Asset","value":"400.0"}],"vehicles":[{"value":18000.0,"loan_amount_outstanding":500.0,"date_of_purchase":"2020-10-17","in_regular_use":true,"included_in_assessment":true,"assessed_value":2500.0}],"properties":{"main_home":{"value":"100000.0","outstanding_mortgage":"80000.0","percentage_owned":"20.0","main_home":true,"shared_with_housing_assoc":false,"transaction_allowance":"3000.0","allowable_outstanding_mortgage":"80000.0","net_value":"17000.0","net_equity":"3400.0","main_home_equity_disregard":"100000.0","assessed_equity":"0.0"},"additional_properties":[{"value":"80000.0","outstanding_mortgage":"70000.0","percentage_owned":"50.0","main_home":false,"shared_with_housing_assoc":false,"transaction_allowance":"2400.0","allowable_outstanding_mortgage":"70000.0","net_value":"7600.0","net_equity":"3800.0","main_home_equity_disregard":"0.0","assessed_equity":"3800.0"}]}}},"remarks":{}}}'
  recorded_at: Mon, 17 Oct 2022 09:00:00 GMT
recorded_with: VCR 6.1.0
