---
http_interactions:
- request:
    method: post
    uri: https://check-financial-eligibility-partner-staging.cloud-platform.service.justice.gov.uk/assessments
    body:
      encoding: UTF-8
      string: '{"submission_date":"2022-10-17"}'
    headers:
      Accept:
      - application/json;version=5
      User-Agent:
      - Faraday v2.7.4
      Content-Type:
      - application/json
  response:
    status:
      code: 200
      message: OK
    headers:
      date:
      - Thu, 09 Mar 2023 11:04:27 GMT
      content-type:
      - application/json; charset=utf-8
      content-length:
      - '83'
      connection:
      - keep-alive
      x-frame-options:
      - SAMEORIGIN
      x-xss-protection:
      - '0'
      x-content-type-options:
      - nosniff
      x-download-options:
      - noopen
      x-permitted-cross-domain-policies:
      - none
      referrer-policy:
      - strict-origin-when-cross-origin
      vary:
      - Accept
      etag:
      - W/"93c912f9173bd6b7163f9190f6ad33fb"
      cache-control:
      - max-age=0, private, must-revalidate
      x-request-id:
      - aa6d72ab75be0eddda77002d0012388d
      x-runtime:
      - '0.025814'
      strict-transport-security:
      - max-age=15724800; includeSubDomains
    body:
      encoding: UTF-8
      string: '{"success":true,"assessment_id":"a46b409c-6f6f-4117-9802-879d575bee85","errors":[]}'
  recorded_at: Mon, 17 Oct 2022 09:00:00 GMT
- request:
    method: post
    uri: https://check-financial-eligibility-partner-staging.cloud-platform.service.justice.gov.uk/assessments/a46b409c-6f6f-4117-9802-879d575bee85/dependants
    body:
      encoding: UTF-8
      string: '{"dependants":[{"date_of_birth":"2011-10-17","in_full_time_education":true,"relationship":"child_relative","monthly_income":0,"assets_value":0},{"date_of_birth":"2001-10-17","in_full_time_education":false,"relationship":"adult_relative","monthly_income":0,"assets_value":0},{"date_of_birth":"2001-10-17","in_full_time_education":false,"relationship":"adult_relative","monthly_income":0,"assets_value":0}]}'
    headers:
      Accept:
      - application/json;version=5
      User-Agent:
      - Faraday v2.7.4
      Content-Type:
      - application/json
  response:
    status:
      code: 200
      message: OK
    headers:
      date:
      - Thu, 09 Mar 2023 11:04:27 GMT
      content-type:
      - application/json; charset=utf-8
      content-length:
      - '28'
      connection:
      - keep-alive
      x-frame-options:
      - SAMEORIGIN
      x-xss-protection:
      - '0'
      x-content-type-options:
      - nosniff
      x-download-options:
      - noopen
      x-permitted-cross-domain-policies:
      - none
      referrer-policy:
      - strict-origin-when-cross-origin
      vary:
      - Accept
      etag:
      - W/"e156c1de751f0fc41f3ce5edefd256d2"
      cache-control:
      - max-age=0, private, must-revalidate
      x-request-id:
      - 077e894c13c84beb25cf126b74fd3f5a
      x-runtime:
      - '0.083054'
      strict-transport-security:
      - max-age=15724800; includeSubDomains
    body:
      encoding: UTF-8
      string: '{"success":true,"errors":[]}'
  recorded_at: Mon, 17 Oct 2022 09:00:00 GMT
- request:
    method: post
    uri: https://check-financial-eligibility-partner-staging.cloud-platform.service.justice.gov.uk/assessments/a46b409c-6f6f-4117-9802-879d575bee85/proceeding_types
    body:
      encoding: UTF-8
      string: '{"proceeding_types":[{"ccms_code":"SE003","client_involvement_type":"A"}]}'
    headers:
      Accept:
      - application/json;version=5
      User-Agent:
      - Faraday v2.7.4
      Content-Type:
      - application/json
  response:
    status:
      code: 200
      message: OK
    headers:
      date:
      - Thu, 09 Mar 2023 11:04:28 GMT
      content-type:
      - application/json; charset=utf-8
      content-length:
      - '28'
      connection:
      - keep-alive
      x-frame-options:
      - SAMEORIGIN
      x-xss-protection:
      - '0'
      x-content-type-options:
      - nosniff
      x-download-options:
      - noopen
      x-permitted-cross-domain-policies:
      - none
      referrer-policy:
      - strict-origin-when-cross-origin
      vary:
      - Accept
      etag:
      - W/"e156c1de751f0fc41f3ce5edefd256d2"
      cache-control:
      - max-age=0, private, must-revalidate
      x-request-id:
      - 6b7dde814ad945085282fd188886360b
      x-runtime:
      - '0.037950'
      strict-transport-security:
      - max-age=15724800; includeSubDomains
    body:
      encoding: UTF-8
      string: '{"success":true,"errors":[]}'
  recorded_at: Mon, 17 Oct 2022 09:00:00 GMT
- request:
    method: post
    uri: https://check-financial-eligibility-partner-staging.cloud-platform.service.justice.gov.uk/assessments/a46b409c-6f6f-4117-9802-879d575bee85/employments
    body:
      encoding: UTF-8
      string: '{"employment_income":[{"name":"Job","client_id":"ID","receiving_only_statutory_sick_or_maternity_pay":false,"payments":[{"gross":"1000.0","tax":"-400.0","national_insurance":"-50.0","client_id":"id-0","date":"2022-10-17","benefits_in_kind":0,"net_employment_income":"550.0"},{"gross":"1000.0","tax":"-400.0","national_insurance":"-50.0","client_id":"id-1","date":"2022-09-17","benefits_in_kind":0,"net_employment_income":"550.0"},{"gross":"1000.0","tax":"-400.0","national_insurance":"-50.0","client_id":"id-2","date":"2022-08-17","benefits_in_kind":0,"net_employment_income":"550.0"}]}]}'
    headers:
      Accept:
      - application/json;version=5
      User-Agent:
      - Faraday v2.7.4
      Content-Type:
      - application/json
  response:
    status:
      code: 200
      message: OK
    headers:
      date:
      - Thu, 09 Mar 2023 11:04:28 GMT
      content-type:
      - application/json; charset=utf-8
      content-length:
      - '28'
      connection:
      - keep-alive
      x-frame-options:
      - SAMEORIGIN
      x-xss-protection:
      - '0'
      x-content-type-options:
      - nosniff
      x-download-options:
      - noopen
      x-permitted-cross-domain-policies:
      - none
      referrer-policy:
      - strict-origin-when-cross-origin
      vary:
      - Accept
      etag:
      - W/"e156c1de751f0fc41f3ce5edefd256d2"
      cache-control:
      - max-age=0, private, must-revalidate
      x-request-id:
      - 8d93ac4ed31a646381fb4378350aa980
      x-runtime:
      - '0.036257'
      strict-transport-security:
      - max-age=15724800; includeSubDomains
    body:
      encoding: UTF-8
      string: '{"success":true,"errors":[]}'
  recorded_at: Mon, 17 Oct 2022 09:00:00 GMT
- request:
    method: post
    uri: https://check-financial-eligibility-partner-staging.cloud-platform.service.justice.gov.uk/assessments/a46b409c-6f6f-4117-9802-879d575bee85/state_benefits
    body:
      encoding: UTF-8
      string: '{"state_benefits":[{"name":"housing_benefit","payments":[{"date":"2022-10-17","amount":"135.0","client_id":""},{"date":"2022-10-03","amount":"135.0","client_id":""},{"date":"2022-09-19","amount":"135.0","client_id":""},{"date":"2022-09-05","amount":"135.0","client_id":""},{"date":"2022-08-22","amount":"135.0","client_id":""},{"date":"2022-08-08","amount":"135.0","client_id":""}]}]}'
    headers:
      Accept:
      - application/json;version=5
      User-Agent:
      - Faraday v2.7.4
      Content-Type:
      - application/json
  response:
    status:
      code: 200
      message: OK
    headers:
      date:
      - Thu, 09 Mar 2023 11:04:28 GMT
      content-type:
      - application/json; charset=utf-8
      content-length:
      - '28'
      connection:
      - keep-alive
      x-frame-options:
      - SAMEORIGIN
      x-xss-protection:
      - '0'
      x-content-type-options:
      - nosniff
      x-download-options:
      - noopen
      x-permitted-cross-domain-policies:
      - none
      referrer-policy:
      - strict-origin-when-cross-origin
      vary:
      - Accept
      etag:
      - W/"e156c1de751f0fc41f3ce5edefd256d2"
      cache-control:
      - max-age=0, private, must-revalidate
      x-request-id:
      - b505184b861277d31e5258fdb4fca2b7
      x-runtime:
      - '0.054947'
      strict-transport-security:
      - max-age=15724800; includeSubDomains
    body:
      encoding: UTF-8
      string: '{"success":true,"errors":[]}'
  recorded_at: Mon, 17 Oct 2022 09:00:00 GMT
- request:
    method: post
    uri: https://check-financial-eligibility-partner-staging.cloud-platform.service.justice.gov.uk/assessments/a46b409c-6f6f-4117-9802-879d575bee85/irregular_incomes
    body:
      encoding: UTF-8
      string: '{"payments":[{"income_type":"student_loan","frequency":"annual","amount":"600.0"},{"income_type":"unspecified_source","frequency":"quarterly","amount":"333.0"}]}'
    headers:
      Accept:
      - application/json;version=5
      User-Agent:
      - Faraday v2.7.4
      Content-Type:
      - application/json
  response:
    status:
      code: 200
      message: OK
    headers:
      date:
      - Thu, 09 Mar 2023 11:04:28 GMT
      content-type:
      - application/json; charset=utf-8
      content-length:
      - '28'
      connection:
      - keep-alive
      x-frame-options:
      - SAMEORIGIN
      x-xss-protection:
      - '0'
      x-content-type-options:
      - nosniff
      x-download-options:
      - noopen
      x-permitted-cross-domain-policies:
      - none
      referrer-policy:
      - strict-origin-when-cross-origin
      vary:
      - Accept
      etag:
      - W/"e156c1de751f0fc41f3ce5edefd256d2"
      cache-control:
      - max-age=0, private, must-revalidate
      x-request-id:
      - f4192bdc2d78c2036cd819293d044d4c
      x-runtime:
      - '0.022790'
      strict-transport-security:
      - max-age=15724800; includeSubDomains
    body:
      encoding: UTF-8
      string: '{"success":true,"errors":[]}'
  recorded_at: Mon, 17 Oct 2022 09:00:00 GMT
- request:
    method: post
    uri: https://check-financial-eligibility-partner-staging.cloud-platform.service.justice.gov.uk/assessments/a46b409c-6f6f-4117-9802-879d575bee85/vehicles
    body:
      encoding: UTF-8
      string: '{"vehicles":[{"value":"18000.0","loan_amount_outstanding":"500.0","date_of_purchase":"2020-10-17","in_regular_use":true,"subject_matter_of_dispute":false}]}'
    headers:
      Accept:
      - application/json;version=5
      User-Agent:
      - Faraday v2.7.4
      Content-Type:
      - application/json
  response:
    status:
      code: 200
      message: OK
    headers:
      date:
      - Thu, 09 Mar 2023 11:04:28 GMT
      content-type:
      - application/json; charset=utf-8
      content-length:
      - '28'
      connection:
      - keep-alive
      x-frame-options:
      - SAMEORIGIN
      x-xss-protection:
      - '0'
      x-content-type-options:
      - nosniff
      x-download-options:
      - noopen
      x-permitted-cross-domain-policies:
      - none
      referrer-policy:
      - strict-origin-when-cross-origin
      vary:
      - Accept
      etag:
      - W/"e156c1de751f0fc41f3ce5edefd256d2"
      cache-control:
      - max-age=0, private, must-revalidate
      x-request-id:
      - 195ae3ff605c17702dcf569042a80383
      x-runtime:
      - '0.047652'
      strict-transport-security:
      - max-age=15724800; includeSubDomains
    body:
      encoding: UTF-8
      string: '{"success":true,"errors":[]}'
  recorded_at: Mon, 17 Oct 2022 09:00:00 GMT
- request:
    method: post
    uri: https://check-financial-eligibility-partner-staging.cloud-platform.service.justice.gov.uk/assessments/a46b409c-6f6f-4117-9802-879d575bee85/capitals
    body:
      encoding: UTF-8
      string: '{"bank_accounts":[{"value":"200.0","description":"Liquid Asset","subject_matter_of_dispute":false}],"non_liquid_capital":[{"value":"400.0","description":"Non
        Liquid Asset","subject_matter_of_dispute":false},{"value":"600.0","description":"Non
        Liquid Asset","subject_matter_of_dispute":false}]}'
    headers:
      Accept:
      - application/json;version=5
      User-Agent:
      - Faraday v2.7.4
      Content-Type:
      - application/json
  response:
    status:
      code: 200
      message: OK
    headers:
      date:
      - Thu, 09 Mar 2023 11:04:28 GMT
      content-type:
      - application/json; charset=utf-8
      content-length:
      - '28'
      connection:
      - keep-alive
      x-frame-options:
      - SAMEORIGIN
      x-xss-protection:
      - '0'
      x-content-type-options:
      - nosniff
      x-download-options:
      - noopen
      x-permitted-cross-domain-policies:
      - none
      referrer-policy:
      - strict-origin-when-cross-origin
      vary:
      - Accept
      etag:
      - W/"e156c1de751f0fc41f3ce5edefd256d2"
      cache-control:
      - max-age=0, private, must-revalidate
      x-request-id:
      - 53478d6c04ad9dab195d8ccc8a51e4ae
      x-runtime:
      - '0.041381'
      strict-transport-security:
      - max-age=15724800; includeSubDomains
    body:
      encoding: UTF-8
      string: '{"success":true,"errors":[]}'
  recorded_at: Mon, 17 Oct 2022 09:00:00 GMT
- request:
    method: post
    uri: https://check-financial-eligibility-partner-staging.cloud-platform.service.justice.gov.uk/assessments/a46b409c-6f6f-4117-9802-879d575bee85/properties
    body:
      encoding: UTF-8
      string: '{"properties":{"main_home":{"value":"100000.0","outstanding_mortgage":"80000.0","percentage_owned":20,"shared_with_housing_assoc":false},"additional_properties":[{"value":"80000.0","outstanding_mortgage":"70000.0","percentage_owned":50,"shared_with_housing_assoc":false}]}}'
    headers:
      Accept:
      - application/json;version=5
      User-Agent:
      - Faraday v2.7.4
      Content-Type:
      - application/json
  response:
    status:
      code: 200
      message: OK
    headers:
      date:
      - Thu, 09 Mar 2023 11:04:28 GMT
      content-type:
      - application/json; charset=utf-8
      content-length:
      - '28'
      connection:
      - keep-alive
      x-frame-options:
      - SAMEORIGIN
      x-xss-protection:
      - '0'
      x-content-type-options:
      - nosniff
      x-download-options:
      - noopen
      x-permitted-cross-domain-policies:
      - none
      referrer-policy:
      - strict-origin-when-cross-origin
      vary:
      - Accept
      etag:
      - W/"e156c1de751f0fc41f3ce5edefd256d2"
      cache-control:
      - max-age=0, private, must-revalidate
      x-request-id:
      - 07bd0bda200a110c58ebbb5ab5f8a38b
      x-runtime:
      - '0.038463'
      strict-transport-security:
      - max-age=15724800; includeSubDomains
    body:
      encoding: UTF-8
      string: '{"success":true,"errors":[]}'
  recorded_at: Mon, 17 Oct 2022 09:00:00 GMT
- request:
    method: post
    uri: https://check-financial-eligibility-partner-staging.cloud-platform.service.justice.gov.uk/assessments/a46b409c-6f6f-4117-9802-879d575bee85/regular_transactions
    body:
      encoding: UTF-8
      string: '{"regular_transactions":[{"operation":"credit","category":"friends_or_family","frequency":"monthly","amount":"100.0"},{"operation":"credit","category":"maintenance_in","frequency":"monthly","amount":"200.0"},{"operation":"credit","category":"property_or_lodger","frequency":"monthly","amount":"300.0"},{"operation":"credit","category":"pension","frequency":"monthly","amount":"40.0"},{"operation":"debit","category":"rent_or_mortgage","frequency":"weekly","amount":"100.0"},{"operation":"debit","category":"child_care","frequency":"two_weekly","amount":"200.0"},{"operation":"debit","category":"legal_aid","frequency":"monthly","amount":"300.0"}]}'
    headers:
      Accept:
      - application/json;version=5
      User-Agent:
      - Faraday v2.7.4
      Content-Type:
      - application/json
  response:
    status:
      code: 200
      message: OK
    headers:
      date:
      - Thu, 09 Mar 2023 11:04:28 GMT
      content-type:
      - application/json; charset=utf-8
      content-length:
      - '28'
      connection:
      - keep-alive
      x-frame-options:
      - SAMEORIGIN
      x-xss-protection:
      - '0'
      x-content-type-options:
      - nosniff
      x-download-options:
      - noopen
      x-permitted-cross-domain-policies:
      - none
      referrer-policy:
      - strict-origin-when-cross-origin
      vary:
      - Accept
      etag:
      - W/"e156c1de751f0fc41f3ce5edefd256d2"
      cache-control:
      - max-age=0, private, must-revalidate
      x-request-id:
      - afcd62c847574be64ff7fce17022c6ff
      x-runtime:
      - '0.042041'
      strict-transport-security:
      - max-age=15724800; includeSubDomains
    body:
      encoding: UTF-8
      string: '{"success":true,"errors":[]}'
  recorded_at: Mon, 17 Oct 2022 09:00:00 GMT
- request:
    method: post
    uri: https://check-financial-eligibility-partner-staging.cloud-platform.service.justice.gov.uk/assessments/a46b409c-6f6f-4117-9802-879d575bee85/applicant
    body:
      encoding: UTF-8
      string: '{"applicant":{"date_of_birth":"1972-10-17","has_partner_opponent":false,"receives_qualifying_benefit":false,"employed":true}}'
    headers:
      Accept:
      - application/json;version=5
      User-Agent:
      - Faraday v2.7.4
      Content-Type:
      - application/json
  response:
    status:
      code: 200
      message: OK
    headers:
      date:
      - Thu, 09 Mar 2023 11:04:28 GMT
      content-type:
      - application/json; charset=utf-8
      content-length:
      - '28'
      connection:
      - keep-alive
      x-frame-options:
      - SAMEORIGIN
      x-xss-protection:
      - '0'
      x-content-type-options:
      - nosniff
      x-download-options:
      - noopen
      x-permitted-cross-domain-policies:
      - none
      referrer-policy:
      - strict-origin-when-cross-origin
      vary:
      - Accept
      etag:
      - W/"e156c1de751f0fc41f3ce5edefd256d2"
      cache-control:
      - max-age=0, private, must-revalidate
      x-request-id:
      - 56b43686d5bbfcc61588c25105bc51ce
      x-runtime:
      - '0.030823'
      strict-transport-security:
      - max-age=15724800; includeSubDomains
    body:
      encoding: UTF-8
      string: '{"success":true,"errors":[]}'
  recorded_at: Mon, 17 Oct 2022 09:00:00 GMT
- request:
    method: get
    uri: https://check-financial-eligibility-partner-staging.cloud-platform.service.justice.gov.uk/assessments/a46b409c-6f6f-4117-9802-879d575bee85
    body:
      encoding: US-ASCII
      string: ''
    headers:
      Accept:
      - application/json;version=5
      User-Agent:
      - Faraday v2.7.4
  response:
    status:
      code: 200
      message: OK
    headers:
      date:
      - Thu, 09 Mar 2023 11:04:29 GMT
      content-type:
      - application/json; charset=utf-8
      content-length:
      - '4805'
      connection:
      - keep-alive
      x-frame-options:
      - SAMEORIGIN
      x-xss-protection:
      - '0'
      x-content-type-options:
      - nosniff
      x-download-options:
      - noopen
      x-permitted-cross-domain-policies:
      - none
      referrer-policy:
      - strict-origin-when-cross-origin
      vary:
      - Accept
      etag:
      - W/"e20dbb4585c56d4edf5234ef301deb13"
      cache-control:
      - max-age=0, private, must-revalidate
      x-request-id:
      - a22e6486cd9b0ae1cc27db168c31e2c8
      x-runtime:
      - '1.285698'
      strict-transport-security:
      - max-age=15724800; includeSubDomains
    body:
      encoding: UTF-8
      string: '{"version":"5","timestamp":"2023-03-09T11:04:29.917Z","success":true,"result_summary":{"overall_result":{"result":"contribution_required","capital_contribution":4500.0,"income_contribution":0.0,"proceeding_types":[{"ccms_code":"SE003","client_involvement_type":"A","upper_threshold":0.0,"lower_threshold":0.0,"result":"contribution_required"}]},"gross_income":{"total_gross_income":1801.0,"proceeding_types":[{"ccms_code":"SE003","client_involvement_type":"A","upper_threshold":2657.0,"lower_threshold":0.0,"result":"eligible"}],"combined_total_gross_income":1801.0},"disposable_income":{"dependant_allowance":922.92,"gross_housing_costs":433.33,"housing_benefit":292.5,"net_housing_costs":140.83,"maintenance_allowance":0.0,"total_outgoings_and_allowances":2292.08,"total_disposable_income":-491.08,"employment_income":{"gross_income":1000.0,"benefits_in_kind":0.0,"tax":-400.0,"national_insurance":-50.0,"fixed_employment_deduction":-45.0,"net_employment_income":505.0},"income_contribution":0.0,"proceeding_types":[{"ccms_code":"SE003","client_involvement_type":"A","upper_threshold":733.0,"lower_threshold":315.0,"result":"eligible"}],"combined_total_disposable_income":-491.08,"combined_total_outgoings_and_allowances":2292.08,"partner_allowance":0},"capital":{"total_liquid":200.0,"total_non_liquid":1000.0,"total_vehicle":2500.0,"total_property":3800.0,"total_mortgage_allowance":999999999999.0,"total_capital":7500.0,"pensioner_capital_disregard":0.0,"subject_matter_of_dispute_disregard":0.0,"capital_contribution":4500.0,"assessed_capital":7500.0,"total_capital_with_smod":7500.0,"proceeding_types":[{"ccms_code":"SE003","client_involvement_type":"A","upper_threshold":8000.0,"lower_threshold":3000.0,"result":"contribution_required"}],"pensioner_disregard_applied":0.0,"combined_assessed_capital":7500.0,"combined_capital_contribution":4500.0}},"assessment":{"id":"a46b409c-6f6f-4117-9802-879d575bee85","client_reference_id":null,"submission_date":"2022-10-17","applicant":{"date_of_birth":"1972-10-17","involvement_type":null,"employed":true,"has_partner_opponent":false,"receives_qualifying_benefit":false,"self_employed":false},"gross_income":{"employment_income":[{"name":"Job","payments":[{"date":"2022-10-17","gross":1000.0,"benefits_in_kind":0.0,"tax":-400.0,"national_insurance":-50.0,"net_employment_income":550.0},{"date":"2022-09-17","gross":1000.0,"benefits_in_kind":0.0,"tax":-400.0,"national_insurance":-50.0,"net_employment_income":550.0},{"date":"2022-08-17","gross":1000.0,"benefits_in_kind":0.0,"tax":-400.0,"national_insurance":-50.0,"net_employment_income":550.0}]}],"irregular_income":{"monthly_equivalents":{"student_loan":50.0,"unspecified_source":111.0}},"state_benefits":{"monthly_equivalents":{"all_sources":0.0,"cash_transactions":0.0,"bank_transactions":[{"name":"Housing
        Benefit","monthly_value":292.5,"excluded_from_income_assessment":true}]}},"other_income":{"monthly_equivalents":{"all_sources":{"friends_or_family":100.0,"maintenance_in":200.0,"property_or_lodger":300.0,"pension":40.0},"bank_transactions":{"friends_or_family":0.0,"maintenance_in":0.0,"property_or_lodger":0.0,"pension":0.0},"cash_transactions":{"friends_or_family":0.0,"maintenance_in":0.0,"property_or_lodger":0.0,"pension":0.0}}}},"disposable_income":{"monthly_equivalents":{"all_sources":{"child_care":433.33,"rent_or_mortgage":433.33,"maintenance_out":0.0,"legal_aid":300.0},"bank_transactions":{"child_care":0.0,"rent_or_mortgage":0.0,"maintenance_out":0.0,"legal_aid":0.0},"cash_transactions":{"child_care":0.0,"rent_or_mortgage":0.0,"maintenance_out":0.0,"legal_aid":0.0}},"childcare_allowance":433.33,"deductions":{"dependants_allowance":922.92,"disregarded_state_benefits":292.5}},"capital":{"capital_items":{"liquid":[{"description":"Liquid
        Asset","value":200.0}],"non_liquid":[{"description":"Non Liquid Asset","value":400.0},{"description":"Non
        Liquid Asset","value":600.0}],"vehicles":[{"value":18000.0,"loan_amount_outstanding":500.0,"date_of_purchase":"2020-10-17","in_regular_use":true,"included_in_assessment":true,"disregards_and_deductions":15000.0,"assessed_value":2500.0}],"properties":{"main_home":{"value":100000.0,"outstanding_mortgage":80000.0,"percentage_owned":20.0,"main_home":true,"shared_with_housing_assoc":false,"transaction_allowance":3000.0,"allowable_outstanding_mortgage":80000.0,"net_value":17000.0,"net_equity":3400.0,"smod_allowance":0,"main_home_equity_disregard":100000.0,"assessed_equity":0.0},"additional_properties":[{"value":80000.0,"outstanding_mortgage":70000.0,"percentage_owned":50.0,"main_home":false,"shared_with_housing_assoc":false,"transaction_allowance":2400.0,"allowable_outstanding_mortgage":70000.0,"net_value":7600.0,"net_equity":3800.0,"smod_allowance":0,"main_home_equity_disregard":0.0,"assessed_equity":3800.0}]}}},"remarks":{}}}'
  recorded_at: Mon, 17 Oct 2022 09:00:00 GMT
recorded_with: VCR 6.1.0
